<html>
<body>
<pre>
<h1>礦ision Build Log</h1>
<h2>Tool Versions:</h2>
IDE-Version: μVision V5.22.0.0
Copyright (C) 2016 ARM Ltd and ARM Germany GmbH. All rights reserved.
License Information: Kevin Kevin, Kevin, LIC=8MZCX-HYPZT-HQX0I-TBRAL-BUKXF-A34IK
 
Tool Versions:
Toolchain:       MDK-ARM Professional  Version: 5.22
Toolchain Path:  G:\32 Keil\ARM\ARMCC\Bin
C Compiler:      Armcc.exe V5.06 update 4 (build 422)
Assembler:       Armasm.exe V5.06 update 4 (build 422)
Linker/Locator:  ArmLink.exe V5.06 update 4 (build 422)
Library Manager: ArmAr.exe V5.06 update 4 (build 422)
Hex Converter:   FromElf.exe V5.06 update 4 (build 422)
CPU DLL:         SARMCM3.DLL V5.22
Dialog DLL:      DARMSTM.DLL V1.67.0.0
Target DLL:      STLink\ST-LINKIII-KEIL_SWO.dll V2.0.18.0
Dialog DLL:      TARMSTM.DLL V1.66.0.0
 
<h2>Project:</h2>
E:\360云盘下载\MiniBalanceV5.0大功率版底盘电机附送资料\平衡小车原创资料\MinibalanceV5.0【大功率版】平衡小车寄存器版源码\MiniBalanceV5.0【大功率版】平衡小车源码（卡尔曼滤波 出厂代码）\USER\Minibalance.uvprojx
Project File Date:  04/20/2017

<h2>Output:</h2>
*** Using Compiler 'V5.06 update 4 (build 422)', folder: 'G:\32 Keil\ARM\ARMCC\Bin'
Build target 'Target 1'
compiling control.c...
linking...
Program Size: Code=37886 RO-data=6530 RW-data=420 ZI-data=3996  
FromELF: creating hex file...
"..\OBJ\Minibalance.axf" - 0 Error(s), 0 Warning(s).

<h2>Software Packages used:</h2>

Package Vendor: ARM
                http://www.keil.com/pack/ARM.CMSIS.5.0.0.pack
                ARM::CMSIS:CORE:5.0.0
                CMSIS (Cortex Microcontroller Software Interface Standard)
   * Component: CORE Version: 5.0.0

<h2>Collection of Component include folders:</h2>
  E:\360云盘下载\MiniBalanceV5.0大功率版底盘电机附送资料\平衡小车原创资料\MinibalanceV5.0【大功率版】平衡小车寄存器版源码\MiniBalanceV5.0【大功率版】平衡小车源码（卡尔曼滤波 出厂代码）\USER\RTE\_Target_1
  G:\32 Keil\ARM\PACK\ARM\CMSIS\5.0.0\CMSIS\Include
  G:\32 Keil\ARM\PACK\Keil\STM32F1xx_DFP\2.1.0\Device\Include

<h2>Collection of Component Files used:</h2>

   * Component: ARM::CMSIS:CORE:5.0.0
Build Time Elapsed:  00:00:01
</pre>
</body>
</html>
